// Jest Snapshot v1, https://goo.gl/fbAQLP

exports[`denorm returns a sql string 1`] = `"SELECT dups.person_type_id, dups.deleted_at,  first_name, last_name FROM (SELECT COUNT(*), person_type_id, deleted_at FROM person GROUP BY person_type_id, deleted_at HAVING COUNT(*) > 1) AS dups INNER JOIN person ON person.deleted_at = dups.deleted_at  AND  ((dups.person_type_id IS NULL AND person.person_type_id IS NULL) OR person.person_type_id = dups.person_type_id) ORDER BY person.created_at ASC"`;
