// Jest Snapshot v1, https://goo.gl/fbAQLP

exports[`Table scripts a table definition with constraints 1`] = `
"CREATE TABLE food (
  id int   NOT NULL,
  name nvarchar(255)   NOT NULL,
  plu nvarchar(255)   NOT NULL,
  inventory_id int   NOT NULL
);
        
ALTER TABLE food ADD CONSTRAINT PK_food_id 
PRIMARY KEY (id);
ALTER TABLE food ADD CONSTRAINT FK_food_inventory_id_inventory_id 
FOREIGN KEY inventory_id REFERENCES inventory(id);
ALTER TABLE food ADD CONSTRAINT IX_food_name_plu_unique UNIQUE(name, plu)
"
`;

exports[`Table scripts a table definition with no constraints 1`] = `
"CREATE TABLE food (
  id int PRIMARY KEY IDENTITY(1, 1) NOT NULL,
  name nvarchar(255)   NOT NULL,
  inventory_id int   NULL
);
        

"
`;
