// Jest Snapshot v1, https://goo.gl/fbAQLP

exports[`denorm returns a sql string 1`] = `"SELECT dups.form_id, dups.quality_section_config_id, dups.deleted_at,  measure_id FROM (SELECT COUNT(*), form_id, quality_section_config_id, deleted_at FROM form_quality_section GROUP BY form_id, quality_section_config_id, deleted_at HAVING COUNT(*) > 1) AS dups INNER JOIN form_quality_section ON form_quality_section.deleted_at = dups.deleted_at  AND  ((dups.form_id IS NULL AND form_quality_section.form_id IS NULL) OR form_quality_section.form_id = dups.form_id) AND ((dups.quality_section_config_id IS NULL AND form_quality_section.quality_section_config_id IS NULL) OR form_quality_section.quality_section_config_id = dups.quality_section_config_id) ORDER BY form_quality_section.created_at ASC"`;
